Analysis & Synthesis report for mp1
Fri Feb  3 18:11:28 2017
Quartus II 32-bit Version 13.1.4 Build 182 03/12/2014 SJ Full Version


---------------------
; Table of Contents ;
---------------------
  1. Legal Notice
  2. Analysis & Synthesis Summary
  3. Analysis & Synthesis Settings
  4. Parallel Compilation
  5. Analysis & Synthesis Source Files Read
  6. Analysis & Synthesis Resource Usage Summary
  7. Analysis & Synthesis Resource Utilization by Entity
  8. State Machine - |mp1|control:ctrl|state
  9. Registers Removed During Synthesis
 10. General Register Statistics
 11. Multiplexer Restructuring Statistics (Restructuring Performed)
 12. Parameter Settings for User Entity Instance: datapath:dp|plus2:pc_plus2
 13. Parameter Settings for User Entity Instance: datapath:dp|mux4:pcmux
 14. Parameter Settings for User Entity Instance: datapath:dp|register:pc
 15. Parameter Settings for User Entity Instance: datapath:dp|adj:adj9
 16. Parameter Settings for User Entity Instance: datapath:dp|adj:adj11
 17. Parameter Settings for User Entity Instance: datapath:dp|mux2:pcaddermux
 18. Parameter Settings for User Entity Instance: datapath:dp|br_add:pc_adder
 19. Parameter Settings for User Entity Instance: datapath:dp|sext:sext5
 20. Parameter Settings for User Entity Instance: datapath:dp|sext:sext6
 21. Parameter Settings for User Entity Instance: datapath:dp|zext:trapzext
 22. Parameter Settings for User Entity Instance: datapath:dp|adj:trapadj
 23. Parameter Settings for User Entity Instance: datapath:dp|mux2:storemux
 24. Parameter Settings for User Entity Instance: datapath:dp|adj:adj6
 25. Parameter Settings for User Entity Instance: datapath:dp|mux2:destmux
 26. Parameter Settings for User Entity Instance: datapath:dp|mux2:ldbmux
 27. Parameter Settings for User Entity Instance: datapath:dp|zext:zext8
 28. Parameter Settings for User Entity Instance: datapath:dp|shf:shf0|mux2:smallmux
 29. Parameter Settings for User Entity Instance: datapath:dp|shf:shf0|mux2:bigmux
 30. Parameter Settings for User Entity Instance: datapath:dp|mux8:regfilemux
 31. Parameter Settings for User Entity Instance: datapath:dp|mux4:alumux
 32. Parameter Settings for User Entity Instance: datapath:dp|register:cc
 33. Parameter Settings for User Entity Instance: datapath:dp|cccomp:cccomp1
 34. Parameter Settings for User Entity Instance: datapath:dp|mux4:marmux
 35. Parameter Settings for User Entity Instance: datapath:dp|register:mar
 36. Parameter Settings for User Entity Instance: datapath:dp|mux4:mdrmux
 37. Parameter Settings for User Entity Instance: datapath:dp|register:mdr
 38. Port Connectivity Checks: "datapath:dp|mux4:mdrmux"
 39. Port Connectivity Checks: "datapath:dp|mux8:regfilemux"
 40. Port Connectivity Checks: "datapath:dp|mux2:destmux"
 41. Port Connectivity Checks: "datapath:dp|zext:trapzext"
 42. Elapsed Time Per Partition
 43. Analysis & Synthesis Messages



----------------
; Legal Notice ;
----------------
Copyright (C) 1991-2014 Altera Corporation
Your use of Altera Corporation's design tools, logic functions 
and other software and tools, and its AMPP partner logic 
functions, and any output files from any of the foregoing 
(including device programming or simulation files), and any 
associated documentation or information are expressly subject 
to the terms and conditions of the Altera Program License 
Subscription Agreement, Altera MegaCore Function License 
Agreement, or other applicable license agreement, including, 
without limitation, that your use is for the sole purpose of 
programming logic devices manufactured by Altera and sold by 
Altera or its authorized distributors.  Please refer to the 
applicable agreement for further details.



+-----------------------------------------------------------------------------+
; Analysis & Synthesis Summary                                                ;
+-------------------------------+---------------------------------------------+
; Analysis & Synthesis Status   ; Successful - Fri Feb  3 18:11:28 2017       ;
; Quartus II 32-bit Version     ; 13.1.4 Build 182 03/12/2014 SJ Full Version ;
; Revision Name                 ; mp1                                         ;
; Top-level Entity Name         ; mp1                                         ;
; Family                        ; Stratix III                                 ;
; Logic utilization             ; N/A                                         ;
;     Combinational ALUTs       ; 466                                         ;
;     Memory ALUTs              ; 0                                           ;
;     Dedicated logic registers ; 225                                         ;
; Total registers               ; 225                                         ;
; Total pins                    ; 54                                          ;
; Total virtual pins            ; 0                                           ;
; Total block memory bits       ; 0                                           ;
; DSP block 18-bit elements     ; 0                                           ;
; Total PLLs                    ; 0                                           ;
; Total DLLs                    ; 0                                           ;
+-------------------------------+---------------------------------------------+


+---------------------------------------------------------------------------------------------------------------------------+
; Analysis & Synthesis Settings                                                                                             ;
+---------------------------------------------------------------------------------+--------------------+--------------------+
; Option                                                                          ; Setting            ; Default Value      ;
+---------------------------------------------------------------------------------+--------------------+--------------------+
; Device                                                                          ; EP3SE50F780C2      ;                    ;
; Top-level entity name                                                           ; mp1                ; mp1                ;
; Family name                                                                     ; Stratix III        ; Cyclone IV GX      ;
; Use smart compilation                                                           ; Off                ; Off                ;
; Enable parallel Assembler and TimeQuest Timing Analyzer during compilation      ; On                 ; On                 ;
; Enable compact report table                                                     ; Off                ; Off                ;
; Restructure Multiplexers                                                        ; Auto               ; Auto               ;
; MLAB Add Timing Constraints For Mixed-Port Feed-Through Mode Setting Don't Care ; Off                ; Off                ;
; Create Debugging Nodes for IP Cores                                             ; Off                ; Off                ;
; Preserve fewer node names                                                       ; On                 ; On                 ;
; Disable OpenCore Plus hardware evaluation                                       ; Off                ; Off                ;
; Verilog Version                                                                 ; Verilog_2001       ; Verilog_2001       ;
; VHDL Version                                                                    ; VHDL_1993          ; VHDL_1993          ;
; State Machine Processing                                                        ; Auto               ; Auto               ;
; Safe State Machine                                                              ; Off                ; Off                ;
; Extract Verilog State Machines                                                  ; On                 ; On                 ;
; Extract VHDL State Machines                                                     ; On                 ; On                 ;
; Ignore Verilog initial constructs                                               ; Off                ; Off                ;
; Iteration limit for constant Verilog loops                                      ; 5000               ; 5000               ;
; Iteration limit for non-constant Verilog loops                                  ; 250                ; 250                ;
; Add Pass-Through Logic to Inferred RAMs                                         ; On                 ; On                 ;
; Infer RAMs from Raw Logic                                                       ; On                 ; On                 ;
; Parallel Synthesis                                                              ; On                 ; On                 ;
; DSP Block Balancing                                                             ; Auto               ; Auto               ;
; NOT Gate Push-Back                                                              ; On                 ; On                 ;
; Power-Up Don't Care                                                             ; On                 ; On                 ;
; Remove Redundant Logic Cells                                                    ; Off                ; Off                ;
; Remove Duplicate Registers                                                      ; On                 ; On                 ;
; Ignore CARRY Buffers                                                            ; Off                ; Off                ;
; Ignore CASCADE Buffers                                                          ; Off                ; Off                ;
; Ignore GLOBAL Buffers                                                           ; Off                ; Off                ;
; Ignore ROW GLOBAL Buffers                                                       ; Off                ; Off                ;
; Ignore LCELL Buffers                                                            ; Off                ; Off                ;
; Ignore SOFT Buffers                                                             ; On                 ; On                 ;
; Limit AHDL Integers to 32 Bits                                                  ; Off                ; Off                ;
; Optimization Technique                                                          ; Balanced           ; Balanced           ;
; Carry Chain Length                                                              ; 70                 ; 70                 ;
; Auto Carry Chains                                                               ; On                 ; On                 ;
; Auto Open-Drain Pins                                                            ; On                 ; On                 ;
; Perform WYSIWYG Primitive Resynthesis                                           ; Off                ; Off                ;
; Auto ROM Replacement                                                            ; On                 ; On                 ;
; Auto RAM Replacement                                                            ; On                 ; On                 ;
; Auto DSP Block Replacement                                                      ; On                 ; On                 ;
; Auto Shift Register Replacement                                                 ; Auto               ; Auto               ;
; Allow Shift Register Merging across Hierarchies                                 ; Auto               ; Auto               ;
; Auto Clock Enable Replacement                                                   ; On                 ; On                 ;
; Strict RAM Replacement                                                          ; Off                ; Off                ;
; Allow Synchronous Control Signals                                               ; On                 ; On                 ;
; Force Use of Synchronous Clear Signals                                          ; Off                ; Off                ;
; Auto RAM Block Balancing                                                        ; On                 ; On                 ;
; Auto RAM to Logic Cell Conversion                                               ; Off                ; Off                ;
; Auto Resource Sharing                                                           ; Off                ; Off                ;
; Allow Any RAM Size For Recognition                                              ; Off                ; Off                ;
; Allow Any ROM Size For Recognition                                              ; Off                ; Off                ;
; Allow Any Shift Register Size For Recognition                                   ; Off                ; Off                ;
; Use LogicLock Constraints during Resource Balancing                             ; On                 ; On                 ;
; Ignore translate_off and synthesis_off directives                               ; Off                ; Off                ;
; Timing-Driven Synthesis                                                         ; On                 ; On                 ;
; Report Parameter Settings                                                       ; On                 ; On                 ;
; Report Source Assignments                                                       ; On                 ; On                 ;
; Report Connectivity Checks                                                      ; On                 ; On                 ;
; Ignore Maximum Fan-Out Assignments                                              ; Off                ; Off                ;
; Synchronization Register Chain Length                                           ; 2                  ; 2                  ;
; PowerPlay Power Optimization                                                    ; Normal compilation ; Normal compilation ;
; HDL message level                                                               ; Level2             ; Level2             ;
; Suppress Register Optimization Related Messages                                 ; Off                ; Off                ;
; Number of Removed Registers Reported in Synthesis Report                        ; 5000               ; 5000               ;
; Number of Swept Nodes Reported in Synthesis Report                              ; 5000               ; 5000               ;
; Number of Inverted Registers Reported in Synthesis Report                       ; 100                ; 100                ;
; Clock MUX Protection                                                            ; On                 ; On                 ;
; Auto Gated Clock Conversion                                                     ; Off                ; Off                ;
; Block Design Naming                                                             ; Auto               ; Auto               ;
; SDC constraint protection                                                       ; Off                ; Off                ;
; Synthesis Effort                                                                ; Auto               ; Auto               ;
; Shift Register Replacement - Allow Asynchronous Clear Signal                    ; On                 ; On                 ;
; Pre-Mapping Resynthesis Optimization                                            ; Off                ; Off                ;
; Analysis & Synthesis Message Level                                              ; Medium             ; Medium             ;
; Disable Register Merging Across Hierarchies                                     ; Auto               ; Auto               ;
; Resource Aware Inference For Block RAM                                          ; On                 ; On                 ;
; Synthesis Seed                                                                  ; 1                  ; 1                  ;
+---------------------------------------------------------------------------------+--------------------+--------------------+


+------------------------------------------+
; Parallel Compilation                     ;
+----------------------------+-------------+
; Processors                 ; Number      ;
+----------------------------+-------------+
; Number detected on machine ; 8           ;
; Maximum allowed            ; 4           ;
;                            ;             ;
; Average used               ; 1.00        ;
; Maximum used               ; 2           ;
;                            ;             ;
; Usage by Processor         ; % Time Used ;
;     Processor 1            ; 100.0%      ;
;     Processor 2            ; < 0.1%      ;
;     Processors 3-8         ;   0.0%      ;
+----------------------------+-------------+


+--------------------------------------------------------------------------------------------------------------------------------------+
; Analysis & Synthesis Source Files Read                                                                                               ;
+----------------------------------+-----------------+------------------------------+----------------------------------------+---------+
; File Name with User-Entered Path ; Used in Netlist ; File Type                    ; File Name with Absolute Path           ; Library ;
+----------------------------------+-----------------+------------------------------+----------------------------------------+---------+
; lc3b_types.sv                    ; yes             ; User SystemVerilog HDL File  ; /home/ywu77/ece411/mp1/lc3b_types.sv   ;         ;
; adj.sv                           ; yes             ; User SystemVerilog HDL File  ; /home/ywu77/ece411/mp1/adj.sv          ;         ;
; alu.sv                           ; yes             ; User SystemVerilog HDL File  ; /home/ywu77/ece411/mp1/alu.sv          ;         ;
; control.sv                       ; yes             ; User SystemVerilog HDL File  ; /home/ywu77/ece411/mp1/control.sv      ;         ;
; datapath.sv                      ; yes             ; User SystemVerilog HDL File  ; /home/ywu77/ece411/mp1/datapath.sv     ;         ;
; gencc.sv                         ; yes             ; User SystemVerilog HDL File  ; /home/ywu77/ece411/mp1/gencc.sv        ;         ;
; ir.sv                            ; yes             ; User SystemVerilog HDL File  ; /home/ywu77/ece411/mp1/ir.sv           ;         ;
; mp1.sv                           ; yes             ; User SystemVerilog HDL File  ; /home/ywu77/ece411/mp1/mp1.sv          ;         ;
; plus2.sv                         ; yes             ; User SystemVerilog HDL File  ; /home/ywu77/ece411/mp1/plus2.sv        ;         ;
; regfile.sv                       ; yes             ; User SystemVerilog HDL File  ; /home/ywu77/ece411/mp1/regfile.sv      ;         ;
; register.sv                      ; yes             ; User SystemVerilog HDL File  ; /home/ywu77/ece411/mp1/register.sv     ;         ;
; mux2.sv                          ; yes             ; User SystemVerilog HDL File  ; /home/ywu77/ece411/mp1/mux2.sv         ;         ;
; br_add.sv                        ; yes             ; User SystemVerilog HDL File  ; /home/ywu77/ece411/mp1/br_add.sv       ;         ;
; cccomp.sv                        ; yes             ; User SystemVerilog HDL File  ; /home/ywu77/ece411/mp1/cccomp.sv       ;         ;
; mux4.sv                          ; yes             ; User SystemVerilog HDL File  ; /home/ywu77/ece411/mp1/mux4.sv         ;         ;
; sext.sv                          ; yes             ; User SystemVerilog HDL File  ; /home/ywu77/ece411/mp1/sext.sv         ;         ;
; zext.sv                          ; yes             ; User SystemVerilog HDL File  ; /home/ywu77/ece411/mp1/zext.sv         ;         ;
; mux8.sv                          ; yes             ; User SystemVerilog HDL File  ; /home/ywu77/ece411/mp1/mux8.sv         ;         ;
; shf.sv                           ; yes             ; User SystemVerilog HDL File  ; /home/ywu77/ece411/mp1/shf.sv          ;         ;
; lshf.sv                          ; yes             ; User SystemVerilog HDL File  ; /home/ywu77/ece411/mp1/lshf.sv         ;         ;
; rshfl.sv                         ; yes             ; User SystemVerilog HDL File  ; /home/ywu77/ece411/mp1/rshfl.sv        ;         ;
; rshfa.sv                         ; yes             ; User SystemVerilog HDL File  ; /home/ywu77/ece411/mp1/rshfa.sv        ;         ;
; clonelowbyte.sv                  ; yes             ; User SystemVerilog HDL File  ; /home/ywu77/ece411/mp1/clonelowbyte.sv ;         ;
+----------------------------------+-----------------+------------------------------+----------------------------------------+---------+


+-----------------------------------------------------------+
; Analysis & Synthesis Resource Usage Summary               ;
+-----------------------------------------------+-----------+
; Resource                                      ; Usage     ;
+-----------------------------------------------+-----------+
; Estimated ALUTs Used                          ; 466       ;
;     -- Combinational ALUTs                    ; 466       ;
;     -- Memory ALUTs                           ; 0         ;
;     -- LUT_REGs                               ; 0         ;
; Dedicated logic registers                     ; 225       ;
;                                               ;           ;
; Estimated ALUTs Unavailable                   ; 82        ;
;     -- Due to unpartnered combinational logic ; 82        ;
;     -- Due to Memory ALUTs                    ; 0         ;
;                                               ;           ;
; Total combinational functions                 ; 466       ;
; Combinational ALUT usage by number of inputs  ;           ;
;     -- 7 input functions                      ; 73        ;
;     -- 6 input functions                      ; 95        ;
;     -- 5 input functions                      ; 104       ;
;     -- 4 input functions                      ; 71        ;
;     -- <=3 input functions                    ; 123       ;
;                                               ;           ;
; Combinational ALUTs by mode                   ;           ;
;     -- normal mode                            ; 347       ;
;     -- extended LUT mode                      ; 73        ;
;     -- arithmetic mode                        ; 46        ;
;     -- shared arithmetic mode                 ; 0         ;
;                                               ;           ;
; Estimated ALUT/register pairs used            ; 649       ;
;                                               ;           ;
; Total registers                               ; 225       ;
;     -- Dedicated logic registers              ; 225       ;
;     -- I/O registers                          ; 0         ;
;     -- LUT_REGs                               ; 0         ;
;                                               ;           ;
;                                               ;           ;
; I/O pins                                      ; 54        ;
; DSP block 18-bit elements                     ; 0         ;
; Maximum fan-out node                          ; clk~input ;
; Maximum fan-out                               ; 225       ;
; Total fan-out                                 ; 3008      ;
; Average fan-out                               ; 3.76      ;
+-----------------------------------------------+-----------+


+-------------------------------------------------------------------------------------------------------------------------------------------------------------------------------------------------------------------------------+
; Analysis & Synthesis Resource Utilization by Entity                                                                                                                                                                           ;
+----------------------------+-------------------+--------------+-------------------+--------------+---------+-----------+-----------+-----------+------+--------------+-----------------------------------------+--------------+
; Compilation Hierarchy Node ; LC Combinationals ; LC Registers ; Block Memory Bits ; DSP Elements ; DSP 9x9 ; DSP 12x12 ; DSP 18x18 ; DSP 36x36 ; Pins ; Virtual Pins ; Full Hierarchy Name                     ; Library Name ;
+----------------------------+-------------------+--------------+-------------------+--------------+---------+-----------+-----------+-----------+------+--------------+-----------------------------------------+--------------+
; |mp1                       ; 466 (0)           ; 225 (0)      ; 0                 ; 0            ; 0       ; 0         ; 0         ; 0         ; 54   ; 0            ; |mp1                                    ; work         ;
;    |control:ctrl|          ; 74 (74)           ; 30 (30)      ; 0                 ; 0            ; 0       ; 0         ; 0         ; 0         ; 0    ; 0            ; |mp1|control:ctrl                       ; work         ;
;    |datapath:dp|           ; 392 (0)           ; 195 (0)      ; 0                 ; 0            ; 0       ; 0         ; 0         ; 0         ; 0    ; 0            ; |mp1|datapath:dp                        ; work         ;
;       |alu:alu0|           ; 52 (52)           ; 0 (0)        ; 0                 ; 0            ; 0       ; 0         ; 0         ; 0         ; 0    ; 0            ; |mp1|datapath:dp|alu:alu0               ; work         ;
;       |br_add:pc_adder|    ; 15 (15)           ; 0 (0)        ; 0                 ; 0            ; 0       ; 0         ; 0         ; 0         ; 0    ; 0            ; |mp1|datapath:dp|br_add:pc_adder        ; work         ;
;       |cccomp:cccomp1|     ; 1 (1)             ; 0 (0)        ; 0                 ; 0            ; 0       ; 0         ; 0         ; 0         ; 0    ; 0            ; |mp1|datapath:dp|cccomp:cccomp1         ; work         ;
;       |gencc:gencc0|       ; 7 (7)             ; 0 (0)        ; 0                 ; 0            ; 0       ; 0         ; 0         ; 0         ; 0    ; 0            ; |mp1|datapath:dp|gencc:gencc0           ; work         ;
;       |ir:ir0|             ; 0 (0)             ; 16 (16)      ; 0                 ; 0            ; 0       ; 0         ; 0         ; 0         ; 0    ; 0            ; |mp1|datapath:dp|ir:ir0                 ; work         ;
;       |mux2:storemux|      ; 3 (3)             ; 0 (0)        ; 0                 ; 0            ; 0       ; 0         ; 0         ; 0         ; 0    ; 0            ; |mp1|datapath:dp|mux2:storemux          ; work         ;
;       |mux4:alumux|        ; 15 (15)           ; 0 (0)        ; 0                 ; 0            ; 0       ; 0         ; 0         ; 0         ; 0    ; 0            ; |mp1|datapath:dp|mux4:alumux            ; work         ;
;       |mux4:marmux|        ; 17 (17)           ; 0 (0)        ; 0                 ; 0            ; 0       ; 0         ; 0         ; 0         ; 0    ; 0            ; |mp1|datapath:dp|mux4:marmux            ; work         ;
;       |mux4:mdrmux|        ; 16 (16)           ; 0 (0)        ; 0                 ; 0            ; 0       ; 0         ; 0         ; 0         ; 0    ; 0            ; |mp1|datapath:dp|mux4:mdrmux            ; work         ;
;       |mux4:pcmux|         ; 15 (15)           ; 0 (0)        ; 0                 ; 0            ; 0       ; 0         ; 0         ; 0         ; 0    ; 0            ; |mp1|datapath:dp|mux4:pcmux             ; work         ;
;       |mux8:regfilemux|    ; 107 (107)         ; 0 (0)        ; 0                 ; 0            ; 0       ; 0         ; 0         ; 0         ; 0    ; 0            ; |mp1|datapath:dp|mux8:regfilemux        ; work         ;
;       |plus2:pc_plus2|     ; 15 (15)           ; 0 (0)        ; 0                 ; 0            ; 0       ; 0         ; 0         ; 0         ; 0    ; 0            ; |mp1|datapath:dp|plus2:pc_plus2         ; work         ;
;       |regfile:regfile0|   ; 72 (72)           ; 128 (128)    ; 0                 ; 0            ; 0       ; 0         ; 0         ; 0         ; 0    ; 0            ; |mp1|datapath:dp|regfile:regfile0       ; work         ;
;       |register:cc|        ; 0 (0)             ; 3 (3)        ; 0                 ; 0            ; 0       ; 0         ; 0         ; 0         ; 0    ; 0            ; |mp1|datapath:dp|register:cc            ; work         ;
;       |register:mar|       ; 1 (1)             ; 16 (16)      ; 0                 ; 0            ; 0       ; 0         ; 0         ; 0         ; 0    ; 0            ; |mp1|datapath:dp|register:mar           ; work         ;
;       |register:mdr|       ; 0 (0)             ; 16 (16)      ; 0                 ; 0            ; 0       ; 0         ; 0         ; 0         ; 0    ; 0            ; |mp1|datapath:dp|register:mdr           ; work         ;
;       |register:pc|        ; 2 (2)             ; 16 (16)      ; 0                 ; 0            ; 0       ; 0         ; 0         ; 0         ; 0    ; 0            ; |mp1|datapath:dp|register:pc            ; work         ;
;       |shf:shf0|           ; 54 (0)            ; 0 (0)        ; 0                 ; 0            ; 0       ; 0         ; 0         ; 0         ; 0    ; 0            ; |mp1|datapath:dp|shf:shf0               ; work         ;
;          |lshf:lshf0|      ; 12 (12)           ; 0 (0)        ; 0                 ; 0            ; 0       ; 0         ; 0         ; 0         ; 0    ; 0            ; |mp1|datapath:dp|shf:shf0|lshf:lshf0    ; work         ;
;          |mux2:bigmux|     ; 8 (8)             ; 0 (0)        ; 0                 ; 0            ; 0       ; 0         ; 0         ; 0         ; 0    ; 0            ; |mp1|datapath:dp|shf:shf0|mux2:bigmux   ; work         ;
;          |mux2:smallmux|   ; 2 (2)             ; 0 (0)        ; 0                 ; 0            ; 0       ; 0         ; 0         ; 0         ; 0    ; 0            ; |mp1|datapath:dp|shf:shf0|mux2:smallmux ; work         ;
;          |rshfa:rshfa0|    ; 22 (22)           ; 0 (0)        ; 0                 ; 0            ; 0       ; 0         ; 0         ; 0         ; 0    ; 0            ; |mp1|datapath:dp|shf:shf0|rshfa:rshfa0  ; work         ;
;          |rshfl:rshfl0|    ; 10 (10)           ; 0 (0)        ; 0                 ; 0            ; 0       ; 0         ; 0         ; 0         ; 0    ; 0            ; |mp1|datapath:dp|shf:shf0|rshfl:rshfl0  ; work         ;
+----------------------------+-------------------+--------------+-------------------+--------------+---------+-----------+-----------+-----------+------+--------------+-----------------------------------------+--------------+
Note: For table entries with two numbers listed, the numbers in parentheses indicate the number of resources of the given type used by the specific entity alone. The numbers listed outside of parentheses indicate the total resources of the given type used by the specific entity and all of its sub-entities in the hierarchy.


Encoding Type:  One-Hot
+------------------------------------------------------------------------------------------------------------------------------------------------------------------------------------------------------------------------------------------------------------------------------------------------------------------------------------------------------------------------------------------------------------------------------------------------------------------------------------------------------------------+
; State Machine - |mp1|control:ctrl|state                                                                                                                                                                                                                                                                                                                                                                                                                                                                          ;
+---------------------+---------------+---------------+---------------------+--------------------+--------------+-------------+--------------+--------------+--------------+------------------+-------------+-----------------+-------------+------------------+--------------+--------------+--------------+--------------+-----------------+----------------+----------+-------------+-----------------+-------------+-----------------+-------------+--------------+--------------+--------------+--------------+
; Name                ; state.s_trap3 ; state.s_trap1 ; state.s_stb2_higher ; state.s_stb2_lower ; state.s_stb1 ; state.s_shf ; state.s_ldi2 ; state.s_ldi1 ; state.s_ldb2 ; state.calc_addr2 ; state.s_jsr ; state.s_storepc ; state.s_lea ; state.s_jmp_jsrr ; state.s_str2 ; state.s_str1 ; state.s_ldr2 ; state.s_ldr1 ; state.calc_addr ; state.br_taken ; state.br ; state.s_not ; state.s_and_imm ; state.s_and ; state.s_add_imm ; state.s_add ; state.decode ; state.fetch3 ; state.fetch2 ; state.fetch1 ;
+---------------------+---------------+---------------+---------------------+--------------------+--------------+-------------+--------------+--------------+--------------+------------------+-------------+-----------------+-------------+------------------+--------------+--------------+--------------+--------------+-----------------+----------------+----------+-------------+-----------------+-------------+-----------------+-------------+--------------+--------------+--------------+--------------+
; state.fetch1        ; 0             ; 0             ; 0                   ; 0                  ; 0            ; 0           ; 0            ; 0            ; 0            ; 0                ; 0           ; 0               ; 0           ; 0                ; 0            ; 0            ; 0            ; 0            ; 0               ; 0              ; 0        ; 0           ; 0               ; 0           ; 0               ; 0           ; 0            ; 0            ; 0            ; 0            ;
; state.fetch2        ; 0             ; 0             ; 0                   ; 0                  ; 0            ; 0           ; 0            ; 0            ; 0            ; 0                ; 0           ; 0               ; 0           ; 0                ; 0            ; 0            ; 0            ; 0            ; 0               ; 0              ; 0        ; 0           ; 0               ; 0           ; 0               ; 0           ; 0            ; 0            ; 1            ; 1            ;
; state.fetch3        ; 0             ; 0             ; 0                   ; 0                  ; 0            ; 0           ; 0            ; 0            ; 0            ; 0                ; 0           ; 0               ; 0           ; 0                ; 0            ; 0            ; 0            ; 0            ; 0               ; 0              ; 0        ; 0           ; 0               ; 0           ; 0               ; 0           ; 0            ; 1            ; 0            ; 1            ;
; state.decode        ; 0             ; 0             ; 0                   ; 0                  ; 0            ; 0           ; 0            ; 0            ; 0            ; 0                ; 0           ; 0               ; 0           ; 0                ; 0            ; 0            ; 0            ; 0            ; 0               ; 0              ; 0        ; 0           ; 0               ; 0           ; 0               ; 0           ; 1            ; 0            ; 0            ; 1            ;
; state.s_add         ; 0             ; 0             ; 0                   ; 0                  ; 0            ; 0           ; 0            ; 0            ; 0            ; 0                ; 0           ; 0               ; 0           ; 0                ; 0            ; 0            ; 0            ; 0            ; 0               ; 0              ; 0        ; 0           ; 0               ; 0           ; 0               ; 1           ; 0            ; 0            ; 0            ; 1            ;
; state.s_add_imm     ; 0             ; 0             ; 0                   ; 0                  ; 0            ; 0           ; 0            ; 0            ; 0            ; 0                ; 0           ; 0               ; 0           ; 0                ; 0            ; 0            ; 0            ; 0            ; 0               ; 0              ; 0        ; 0           ; 0               ; 0           ; 1               ; 0           ; 0            ; 0            ; 0            ; 1            ;
; state.s_and         ; 0             ; 0             ; 0                   ; 0                  ; 0            ; 0           ; 0            ; 0            ; 0            ; 0                ; 0           ; 0               ; 0           ; 0                ; 0            ; 0            ; 0            ; 0            ; 0               ; 0              ; 0        ; 0           ; 0               ; 1           ; 0               ; 0           ; 0            ; 0            ; 0            ; 1            ;
; state.s_and_imm     ; 0             ; 0             ; 0                   ; 0                  ; 0            ; 0           ; 0            ; 0            ; 0            ; 0                ; 0           ; 0               ; 0           ; 0                ; 0            ; 0            ; 0            ; 0            ; 0               ; 0              ; 0        ; 0           ; 1               ; 0           ; 0               ; 0           ; 0            ; 0            ; 0            ; 1            ;
; state.s_not         ; 0             ; 0             ; 0                   ; 0                  ; 0            ; 0           ; 0            ; 0            ; 0            ; 0                ; 0           ; 0               ; 0           ; 0                ; 0            ; 0            ; 0            ; 0            ; 0               ; 0              ; 0        ; 1           ; 0               ; 0           ; 0               ; 0           ; 0            ; 0            ; 0            ; 1            ;
; state.br            ; 0             ; 0             ; 0                   ; 0                  ; 0            ; 0           ; 0            ; 0            ; 0            ; 0                ; 0           ; 0               ; 0           ; 0                ; 0            ; 0            ; 0            ; 0            ; 0               ; 0              ; 1        ; 0           ; 0               ; 0           ; 0               ; 0           ; 0            ; 0            ; 0            ; 1            ;
; state.br_taken      ; 0             ; 0             ; 0                   ; 0                  ; 0            ; 0           ; 0            ; 0            ; 0            ; 0                ; 0           ; 0               ; 0           ; 0                ; 0            ; 0            ; 0            ; 0            ; 0               ; 1              ; 0        ; 0           ; 0               ; 0           ; 0               ; 0           ; 0            ; 0            ; 0            ; 1            ;
; state.calc_addr     ; 0             ; 0             ; 0                   ; 0                  ; 0            ; 0           ; 0            ; 0            ; 0            ; 0                ; 0           ; 0               ; 0           ; 0                ; 0            ; 0            ; 0            ; 0            ; 1               ; 0              ; 0        ; 0           ; 0               ; 0           ; 0               ; 0           ; 0            ; 0            ; 0            ; 1            ;
; state.s_ldr1        ; 0             ; 0             ; 0                   ; 0                  ; 0            ; 0           ; 0            ; 0            ; 0            ; 0                ; 0           ; 0               ; 0           ; 0                ; 0            ; 0            ; 0            ; 1            ; 0               ; 0              ; 0        ; 0           ; 0               ; 0           ; 0               ; 0           ; 0            ; 0            ; 0            ; 1            ;
; state.s_ldr2        ; 0             ; 0             ; 0                   ; 0                  ; 0            ; 0           ; 0            ; 0            ; 0            ; 0                ; 0           ; 0               ; 0           ; 0                ; 0            ; 0            ; 1            ; 0            ; 0               ; 0              ; 0        ; 0           ; 0               ; 0           ; 0               ; 0           ; 0            ; 0            ; 0            ; 1            ;
; state.s_str1        ; 0             ; 0             ; 0                   ; 0                  ; 0            ; 0           ; 0            ; 0            ; 0            ; 0                ; 0           ; 0               ; 0           ; 0                ; 0            ; 1            ; 0            ; 0            ; 0               ; 0              ; 0        ; 0           ; 0               ; 0           ; 0               ; 0           ; 0            ; 0            ; 0            ; 1            ;
; state.s_str2        ; 0             ; 0             ; 0                   ; 0                  ; 0            ; 0           ; 0            ; 0            ; 0            ; 0                ; 0           ; 0               ; 0           ; 0                ; 1            ; 0            ; 0            ; 0            ; 0               ; 0              ; 0        ; 0           ; 0               ; 0           ; 0               ; 0           ; 0            ; 0            ; 0            ; 1            ;
; state.s_jmp_jsrr    ; 0             ; 0             ; 0                   ; 0                  ; 0            ; 0           ; 0            ; 0            ; 0            ; 0                ; 0           ; 0               ; 0           ; 1                ; 0            ; 0            ; 0            ; 0            ; 0               ; 0              ; 0        ; 0           ; 0               ; 0           ; 0               ; 0           ; 0            ; 0            ; 0            ; 1            ;
; state.s_lea         ; 0             ; 0             ; 0                   ; 0                  ; 0            ; 0           ; 0            ; 0            ; 0            ; 0                ; 0           ; 0               ; 1           ; 0                ; 0            ; 0            ; 0            ; 0            ; 0               ; 0              ; 0        ; 0           ; 0               ; 0           ; 0               ; 0           ; 0            ; 0            ; 0            ; 1            ;
; state.s_storepc     ; 0             ; 0             ; 0                   ; 0                  ; 0            ; 0           ; 0            ; 0            ; 0            ; 0                ; 0           ; 1               ; 0           ; 0                ; 0            ; 0            ; 0            ; 0            ; 0               ; 0              ; 0        ; 0           ; 0               ; 0           ; 0               ; 0           ; 0            ; 0            ; 0            ; 1            ;
; state.s_jsr         ; 0             ; 0             ; 0                   ; 0                  ; 0            ; 0           ; 0            ; 0            ; 0            ; 0                ; 1           ; 0               ; 0           ; 0                ; 0            ; 0            ; 0            ; 0            ; 0               ; 0              ; 0        ; 0           ; 0               ; 0           ; 0               ; 0           ; 0            ; 0            ; 0            ; 1            ;
; state.calc_addr2    ; 0             ; 0             ; 0                   ; 0                  ; 0            ; 0           ; 0            ; 0            ; 0            ; 1                ; 0           ; 0               ; 0           ; 0                ; 0            ; 0            ; 0            ; 0            ; 0               ; 0              ; 0        ; 0           ; 0               ; 0           ; 0               ; 0           ; 0            ; 0            ; 0            ; 1            ;
; state.s_ldb2        ; 0             ; 0             ; 0                   ; 0                  ; 0            ; 0           ; 0            ; 0            ; 1            ; 0                ; 0           ; 0               ; 0           ; 0                ; 0            ; 0            ; 0            ; 0            ; 0               ; 0              ; 0        ; 0           ; 0               ; 0           ; 0               ; 0           ; 0            ; 0            ; 0            ; 1            ;
; state.s_ldi1        ; 0             ; 0             ; 0                   ; 0                  ; 0            ; 0           ; 0            ; 1            ; 0            ; 0                ; 0           ; 0               ; 0           ; 0                ; 0            ; 0            ; 0            ; 0            ; 0               ; 0              ; 0        ; 0           ; 0               ; 0           ; 0               ; 0           ; 0            ; 0            ; 0            ; 1            ;
; state.s_ldi2        ; 0             ; 0             ; 0                   ; 0                  ; 0            ; 0           ; 1            ; 0            ; 0            ; 0                ; 0           ; 0               ; 0           ; 0                ; 0            ; 0            ; 0            ; 0            ; 0               ; 0              ; 0        ; 0           ; 0               ; 0           ; 0               ; 0           ; 0            ; 0            ; 0            ; 1            ;
; state.s_shf         ; 0             ; 0             ; 0                   ; 0                  ; 0            ; 1           ; 0            ; 0            ; 0            ; 0                ; 0           ; 0               ; 0           ; 0                ; 0            ; 0            ; 0            ; 0            ; 0               ; 0              ; 0        ; 0           ; 0               ; 0           ; 0               ; 0           ; 0            ; 0            ; 0            ; 1            ;
; state.s_stb1        ; 0             ; 0             ; 0                   ; 0                  ; 1            ; 0           ; 0            ; 0            ; 0            ; 0                ; 0           ; 0               ; 0           ; 0                ; 0            ; 0            ; 0            ; 0            ; 0               ; 0              ; 0        ; 0           ; 0               ; 0           ; 0               ; 0           ; 0            ; 0            ; 0            ; 1            ;
; state.s_stb2_lower  ; 0             ; 0             ; 0                   ; 1                  ; 0            ; 0           ; 0            ; 0            ; 0            ; 0                ; 0           ; 0               ; 0           ; 0                ; 0            ; 0            ; 0            ; 0            ; 0               ; 0              ; 0        ; 0           ; 0               ; 0           ; 0               ; 0           ; 0            ; 0            ; 0            ; 1            ;
; state.s_stb2_higher ; 0             ; 0             ; 1                   ; 0                  ; 0            ; 0           ; 0            ; 0            ; 0            ; 0                ; 0           ; 0               ; 0           ; 0                ; 0            ; 0            ; 0            ; 0            ; 0               ; 0              ; 0        ; 0           ; 0               ; 0           ; 0               ; 0           ; 0            ; 0            ; 0            ; 1            ;
; state.s_trap1       ; 0             ; 1             ; 0                   ; 0                  ; 0            ; 0           ; 0            ; 0            ; 0            ; 0                ; 0           ; 0               ; 0           ; 0                ; 0            ; 0            ; 0            ; 0            ; 0               ; 0              ; 0        ; 0           ; 0               ; 0           ; 0               ; 0           ; 0            ; 0            ; 0            ; 1            ;
; state.s_trap3       ; 1             ; 0             ; 0                   ; 0                  ; 0            ; 0           ; 0            ; 0            ; 0            ; 0                ; 0           ; 0               ; 0           ; 0                ; 0            ; 0            ; 0            ; 0            ; 0               ; 0              ; 0        ; 0           ; 0               ; 0           ; 0               ; 0           ; 0            ; 0            ; 0            ; 1            ;
+---------------------+---------------+---------------+---------------------+--------------------+--------------+-------------+--------------+--------------+--------------+------------------+-------------+-----------------+-------------+------------------+--------------+--------------+--------------+--------------+-----------------+----------------+----------+-------------+-----------------+-------------+-----------------+-------------+--------------+--------------+--------------+--------------+


+-------------------------------------------------------------+
; Registers Removed During Synthesis                          ;
+----------------------------------------+--------------------+
; Register name                          ; Reason for Removal ;
+----------------------------------------+--------------------+
; control:ctrl|state~2                   ; Lost fanout        ;
; control:ctrl|state~3                   ; Lost fanout        ;
; control:ctrl|state~4                   ; Lost fanout        ;
; control:ctrl|state~5                   ; Lost fanout        ;
; control:ctrl|state~6                   ; Lost fanout        ;
; control:ctrl|state~7                   ; Lost fanout        ;
; control:ctrl|state~8                   ; Lost fanout        ;
; control:ctrl|state~9                   ; Lost fanout        ;
; control:ctrl|state~10                  ; Lost fanout        ;
; control:ctrl|state~11                  ; Lost fanout        ;
; control:ctrl|state~12                  ; Lost fanout        ;
; control:ctrl|state~13                  ; Lost fanout        ;
; control:ctrl|state~14                  ; Lost fanout        ;
; control:ctrl|state~15                  ; Lost fanout        ;
; control:ctrl|state~16                  ; Lost fanout        ;
; control:ctrl|state~17                  ; Lost fanout        ;
; control:ctrl|state~18                  ; Lost fanout        ;
; control:ctrl|state~19                  ; Lost fanout        ;
; control:ctrl|state~20                  ; Lost fanout        ;
; control:ctrl|state~21                  ; Lost fanout        ;
; control:ctrl|state~22                  ; Lost fanout        ;
; control:ctrl|state~23                  ; Lost fanout        ;
; control:ctrl|state~24                  ; Lost fanout        ;
; control:ctrl|state~25                  ; Lost fanout        ;
; control:ctrl|state~26                  ; Lost fanout        ;
; control:ctrl|state~27                  ; Lost fanout        ;
; control:ctrl|state~28                  ; Lost fanout        ;
; control:ctrl|state~29                  ; Lost fanout        ;
; control:ctrl|state~30                  ; Lost fanout        ;
; control:ctrl|state~31                  ; Lost fanout        ;
; control:ctrl|state~32                  ; Lost fanout        ;
; control:ctrl|state~33                  ; Lost fanout        ;
; Total Number of Removed Registers = 32 ;                    ;
+----------------------------------------+--------------------+


+------------------------------------------------------+
; General Register Statistics                          ;
+----------------------------------------------+-------+
; Statistic                                    ; Value ;
+----------------------------------------------+-------+
; Total registers                              ; 225   ;
; Number of registers using Synchronous Clear  ; 8     ;
; Number of registers using Synchronous Load   ; 16    ;
; Number of registers using Asynchronous Clear ; 0     ;
; Number of registers using Asynchronous Load  ; 0     ;
; Number of registers using Clock Enable       ; 194   ;
; Number of registers using Preset             ; 0     ;
+----------------------------------------------+-------+


+---------------------------------------------------------------------------------------------------------------------------------------------------------------+
; Multiplexer Restructuring Statistics (Restructuring Performed)                                                                                                ;
+--------------------+-----------+---------------+----------------------+------------------------+------------+-------------------------------------------------+
; Multiplexer Inputs ; Bus Width ; Baseline Area ; Area if Restructured ; Saving if Restructured ; Registered ; Example Multiplexer Output                      ;
+--------------------+-----------+---------------+----------------------+------------------------+------------+-------------------------------------------------+
; 3:1                ; 16 bits   ; 32 ALUTs      ; 32 ALUTs             ; 0 ALUTs                ; Yes        ; |mp1|datapath:dp|register:mdr|data[4]           ;
; 4:1                ; 8 bits    ; 16 ALUTs      ; 16 ALUTs             ; 0 ALUTs                ; Yes        ; |mp1|datapath:dp|register:mar|data[9]           ;
; 4:1                ; 8 bits    ; 16 ALUTs      ; 16 ALUTs             ; 0 ALUTs                ; Yes        ; |mp1|datapath:dp|register:mar|data[5]           ;
; 4:1                ; 15 bits   ; 30 ALUTs      ; 30 ALUTs             ; 0 ALUTs                ; Yes        ; |mp1|datapath:dp|register:pc|data[7]            ;
; 3:1                ; 15 bits   ; 30 ALUTs      ; 30 ALUTs             ; 0 ALUTs                ; No         ; |mp1|datapath:dp|mux4:alumux|Mux5               ;
; 3:1                ; 4 bits    ; 8 ALUTs       ; 8 ALUTs              ; 0 ALUTs                ; No         ; |mp1|datapath:dp|shf:shf0|lshf:lshf0|ShiftLeft0 ;
; 3:1                ; 2 bits    ; 4 ALUTs       ; 4 ALUTs              ; 0 ALUTs                ; No         ; |mp1|datapath:dp|shf:shf0|lshf:lshf0|ShiftLeft0 ;
; 4:1                ; 16 bits   ; 32 ALUTs      ; 32 ALUTs             ; 0 ALUTs                ; No         ; |mp1|datapath:dp|alu:alu0|Selector1             ;
; 13:1               ; 2 bits    ; 16 ALUTs      ; 16 ALUTs             ; 0 ALUTs                ; No         ; |mp1|datapath:dp|mux8:regfilemux|Mux5           ;
; 15:1               ; 2 bits    ; 20 ALUTs      ; 18 ALUTs             ; 2 ALUTs                ; No         ; |mp1|datapath:dp|mux8:regfilemux|Mux2           ;
; 15:1               ; 2 bits    ; 20 ALUTs      ; 16 ALUTs             ; 4 ALUTs                ; No         ; |mp1|datapath:dp|mux8:regfilemux|Mux13          ;
; 17:1               ; 2 bits    ; 22 ALUTs      ; 20 ALUTs             ; 2 ALUTs                ; No         ; |mp1|datapath:dp|mux8:regfilemux|Mux9           ;
; 16:1               ; 3 bits    ; 30 ALUTs      ; 12 ALUTs             ; 18 ALUTs               ; No         ; |mp1|control:ctrl|Selector53                    ;
; 16:1               ; 11 bits   ; 110 ALUTs     ; 33 ALUTs             ; 77 ALUTs               ; No         ; |mp1|control:ctrl|Selector41                    ;
+--------------------+-----------+---------------+----------------------+------------------------+------------+-------------------------------------------------+


+-------------------------------------------------------------------------+
; Parameter Settings for User Entity Instance: datapath:dp|plus2:pc_plus2 ;
+----------------+-------+------------------------------------------------+
; Parameter Name ; Value ; Type                                           ;
+----------------+-------+------------------------------------------------+
; width          ; 16    ; Signed Integer                                 ;
+----------------+-------+------------------------------------------------+
Note: In order to hide this table in the UI and the text report file, please set the "Show Parameter Settings in Synthesis Report" option in "Analysis and Synthesis Settings -> More Settings" to "Off".


+---------------------------------------------------------------------+
; Parameter Settings for User Entity Instance: datapath:dp|mux4:pcmux ;
+----------------+-------+--------------------------------------------+
; Parameter Name ; Value ; Type                                       ;
+----------------+-------+--------------------------------------------+
; width          ; 16    ; Signed Integer                             ;
+----------------+-------+--------------------------------------------+
Note: In order to hide this table in the UI and the text report file, please set the "Show Parameter Settings in Synthesis Report" option in "Analysis and Synthesis Settings -> More Settings" to "Off".


+----------------------------------------------------------------------+
; Parameter Settings for User Entity Instance: datapath:dp|register:pc ;
+----------------+-------+---------------------------------------------+
; Parameter Name ; Value ; Type                                        ;
+----------------+-------+---------------------------------------------+
; width          ; 16    ; Signed Integer                              ;
+----------------+-------+---------------------------------------------+
Note: In order to hide this table in the UI and the text report file, please set the "Show Parameter Settings in Synthesis Report" option in "Analysis and Synthesis Settings -> More Settings" to "Off".


+-------------------------------------------------------------------+
; Parameter Settings for User Entity Instance: datapath:dp|adj:adj9 ;
+----------------+-------+------------------------------------------+
; Parameter Name ; Value ; Type                                     ;
+----------------+-------+------------------------------------------+
; width          ; 9     ; Signed Integer                           ;
+----------------+-------+------------------------------------------+
Note: In order to hide this table in the UI and the text report file, please set the "Show Parameter Settings in Synthesis Report" option in "Analysis and Synthesis Settings -> More Settings" to "Off".


+--------------------------------------------------------------------+
; Parameter Settings for User Entity Instance: datapath:dp|adj:adj11 ;
+----------------+-------+-------------------------------------------+
; Parameter Name ; Value ; Type                                      ;
+----------------+-------+-------------------------------------------+
; width          ; 11    ; Signed Integer                            ;
+----------------+-------+-------------------------------------------+
Note: In order to hide this table in the UI and the text report file, please set the "Show Parameter Settings in Synthesis Report" option in "Analysis and Synthesis Settings -> More Settings" to "Off".


+--------------------------------------------------------------------------+
; Parameter Settings for User Entity Instance: datapath:dp|mux2:pcaddermux ;
+----------------+-------+-------------------------------------------------+
; Parameter Name ; Value ; Type                                            ;
+----------------+-------+-------------------------------------------------+
; width          ; 16    ; Signed Integer                                  ;
+----------------+-------+-------------------------------------------------+
Note: In order to hide this table in the UI and the text report file, please set the "Show Parameter Settings in Synthesis Report" option in "Analysis and Synthesis Settings -> More Settings" to "Off".


+--------------------------------------------------------------------------+
; Parameter Settings for User Entity Instance: datapath:dp|br_add:pc_adder ;
+----------------+-------+-------------------------------------------------+
; Parameter Name ; Value ; Type                                            ;
+----------------+-------+-------------------------------------------------+
; width          ; 16    ; Signed Integer                                  ;
+----------------+-------+-------------------------------------------------+
Note: In order to hide this table in the UI and the text report file, please set the "Show Parameter Settings in Synthesis Report" option in "Analysis and Synthesis Settings -> More Settings" to "Off".


+---------------------------------------------------------------------+
; Parameter Settings for User Entity Instance: datapath:dp|sext:sext5 ;
+----------------+-------+--------------------------------------------+
; Parameter Name ; Value ; Type                                       ;
+----------------+-------+--------------------------------------------+
; width          ; 5     ; Signed Integer                             ;
+----------------+-------+--------------------------------------------+
Note: In order to hide this table in the UI and the text report file, please set the "Show Parameter Settings in Synthesis Report" option in "Analysis and Synthesis Settings -> More Settings" to "Off".


+---------------------------------------------------------------------+
; Parameter Settings for User Entity Instance: datapath:dp|sext:sext6 ;
+----------------+-------+--------------------------------------------+
; Parameter Name ; Value ; Type                                       ;
+----------------+-------+--------------------------------------------+
; width          ; 6     ; Signed Integer                             ;
+----------------+-------+--------------------------------------------+
Note: In order to hide this table in the UI and the text report file, please set the "Show Parameter Settings in Synthesis Report" option in "Analysis and Synthesis Settings -> More Settings" to "Off".


+------------------------------------------------------------------------+
; Parameter Settings for User Entity Instance: datapath:dp|zext:trapzext ;
+----------------+-------+-----------------------------------------------+
; Parameter Name ; Value ; Type                                          ;
+----------------+-------+-----------------------------------------------+
; width          ; 8     ; Signed Integer                                ;
+----------------+-------+-----------------------------------------------+
Note: In order to hide this table in the UI and the text report file, please set the "Show Parameter Settings in Synthesis Report" option in "Analysis and Synthesis Settings -> More Settings" to "Off".


+----------------------------------------------------------------------+
; Parameter Settings for User Entity Instance: datapath:dp|adj:trapadj ;
+----------------+-------+---------------------------------------------+
; Parameter Name ; Value ; Type                                        ;
+----------------+-------+---------------------------------------------+
; width          ; 15    ; Signed Integer                              ;
+----------------+-------+---------------------------------------------+
Note: In order to hide this table in the UI and the text report file, please set the "Show Parameter Settings in Synthesis Report" option in "Analysis and Synthesis Settings -> More Settings" to "Off".


+------------------------------------------------------------------------+
; Parameter Settings for User Entity Instance: datapath:dp|mux2:storemux ;
+----------------+-------+-----------------------------------------------+
; Parameter Name ; Value ; Type                                          ;
+----------------+-------+-----------------------------------------------+
; width          ; 3     ; Signed Integer                                ;
+----------------+-------+-----------------------------------------------+
Note: In order to hide this table in the UI and the text report file, please set the "Show Parameter Settings in Synthesis Report" option in "Analysis and Synthesis Settings -> More Settings" to "Off".


+-------------------------------------------------------------------+
; Parameter Settings for User Entity Instance: datapath:dp|adj:adj6 ;
+----------------+-------+------------------------------------------+
; Parameter Name ; Value ; Type                                     ;
+----------------+-------+------------------------------------------+
; width          ; 6     ; Signed Integer                           ;
+----------------+-------+------------------------------------------+
Note: In order to hide this table in the UI and the text report file, please set the "Show Parameter Settings in Synthesis Report" option in "Analysis and Synthesis Settings -> More Settings" to "Off".


+-----------------------------------------------------------------------+
; Parameter Settings for User Entity Instance: datapath:dp|mux2:destmux ;
+----------------+-------+----------------------------------------------+
; Parameter Name ; Value ; Type                                         ;
+----------------+-------+----------------------------------------------+
; width          ; 3     ; Signed Integer                               ;
+----------------+-------+----------------------------------------------+
Note: In order to hide this table in the UI and the text report file, please set the "Show Parameter Settings in Synthesis Report" option in "Analysis and Synthesis Settings -> More Settings" to "Off".


+----------------------------------------------------------------------+
; Parameter Settings for User Entity Instance: datapath:dp|mux2:ldbmux ;
+----------------+-------+---------------------------------------------+
; Parameter Name ; Value ; Type                                        ;
+----------------+-------+---------------------------------------------+
; width          ; 8     ; Signed Integer                              ;
+----------------+-------+---------------------------------------------+
Note: In order to hide this table in the UI and the text report file, please set the "Show Parameter Settings in Synthesis Report" option in "Analysis and Synthesis Settings -> More Settings" to "Off".


+---------------------------------------------------------------------+
; Parameter Settings for User Entity Instance: datapath:dp|zext:zext8 ;
+----------------+-------+--------------------------------------------+
; Parameter Name ; Value ; Type                                       ;
+----------------+-------+--------------------------------------------+
; width          ; 8     ; Signed Integer                             ;
+----------------+-------+--------------------------------------------+
Note: In order to hide this table in the UI and the text report file, please set the "Show Parameter Settings in Synthesis Report" option in "Analysis and Synthesis Settings -> More Settings" to "Off".


+---------------------------------------------------------------------------------+
; Parameter Settings for User Entity Instance: datapath:dp|shf:shf0|mux2:smallmux ;
+----------------+-------+--------------------------------------------------------+
; Parameter Name ; Value ; Type                                                   ;
+----------------+-------+--------------------------------------------------------+
; width          ; 16    ; Signed Integer                                         ;
+----------------+-------+--------------------------------------------------------+
Note: In order to hide this table in the UI and the text report file, please set the "Show Parameter Settings in Synthesis Report" option in "Analysis and Synthesis Settings -> More Settings" to "Off".


+-------------------------------------------------------------------------------+
; Parameter Settings for User Entity Instance: datapath:dp|shf:shf0|mux2:bigmux ;
+----------------+-------+------------------------------------------------------+
; Parameter Name ; Value ; Type                                                 ;
+----------------+-------+------------------------------------------------------+
; width          ; 16    ; Signed Integer                                       ;
+----------------+-------+------------------------------------------------------+
Note: In order to hide this table in the UI and the text report file, please set the "Show Parameter Settings in Synthesis Report" option in "Analysis and Synthesis Settings -> More Settings" to "Off".


+--------------------------------------------------------------------------+
; Parameter Settings for User Entity Instance: datapath:dp|mux8:regfilemux ;
+----------------+-------+-------------------------------------------------+
; Parameter Name ; Value ; Type                                            ;
+----------------+-------+-------------------------------------------------+
; width          ; 16    ; Signed Integer                                  ;
+----------------+-------+-------------------------------------------------+
Note: In order to hide this table in the UI and the text report file, please set the "Show Parameter Settings in Synthesis Report" option in "Analysis and Synthesis Settings -> More Settings" to "Off".


+----------------------------------------------------------------------+
; Parameter Settings for User Entity Instance: datapath:dp|mux4:alumux ;
+----------------+-------+---------------------------------------------+
; Parameter Name ; Value ; Type                                        ;
+----------------+-------+---------------------------------------------+
; width          ; 16    ; Signed Integer                              ;
+----------------+-------+---------------------------------------------+
Note: In order to hide this table in the UI and the text report file, please set the "Show Parameter Settings in Synthesis Report" option in "Analysis and Synthesis Settings -> More Settings" to "Off".


+----------------------------------------------------------------------+
; Parameter Settings for User Entity Instance: datapath:dp|register:cc ;
+----------------+-------+---------------------------------------------+
; Parameter Name ; Value ; Type                                        ;
+----------------+-------+---------------------------------------------+
; width          ; 3     ; Signed Integer                              ;
+----------------+-------+---------------------------------------------+
Note: In order to hide this table in the UI and the text report file, please set the "Show Parameter Settings in Synthesis Report" option in "Analysis and Synthesis Settings -> More Settings" to "Off".


+-------------------------------------------------------------------------+
; Parameter Settings for User Entity Instance: datapath:dp|cccomp:cccomp1 ;
+----------------+-------+------------------------------------------------+
; Parameter Name ; Value ; Type                                           ;
+----------------+-------+------------------------------------------------+
; width          ; 3     ; Signed Integer                                 ;
+----------------+-------+------------------------------------------------+
Note: In order to hide this table in the UI and the text report file, please set the "Show Parameter Settings in Synthesis Report" option in "Analysis and Synthesis Settings -> More Settings" to "Off".


+----------------------------------------------------------------------+
; Parameter Settings for User Entity Instance: datapath:dp|mux4:marmux ;
+----------------+-------+---------------------------------------------+
; Parameter Name ; Value ; Type                                        ;
+----------------+-------+---------------------------------------------+
; width          ; 16    ; Signed Integer                              ;
+----------------+-------+---------------------------------------------+
Note: In order to hide this table in the UI and the text report file, please set the "Show Parameter Settings in Synthesis Report" option in "Analysis and Synthesis Settings -> More Settings" to "Off".


+-----------------------------------------------------------------------+
; Parameter Settings for User Entity Instance: datapath:dp|register:mar ;
+----------------+-------+----------------------------------------------+
; Parameter Name ; Value ; Type                                         ;
+----------------+-------+----------------------------------------------+
; width          ; 16    ; Signed Integer                               ;
+----------------+-------+----------------------------------------------+
Note: In order to hide this table in the UI and the text report file, please set the "Show Parameter Settings in Synthesis Report" option in "Analysis and Synthesis Settings -> More Settings" to "Off".


+----------------------------------------------------------------------+
; Parameter Settings for User Entity Instance: datapath:dp|mux4:mdrmux ;
+----------------+-------+---------------------------------------------+
; Parameter Name ; Value ; Type                                        ;
+----------------+-------+---------------------------------------------+
; width          ; 16    ; Signed Integer                              ;
+----------------+-------+---------------------------------------------+
Note: In order to hide this table in the UI and the text report file, please set the "Show Parameter Settings in Synthesis Report" option in "Analysis and Synthesis Settings -> More Settings" to "Off".


+-----------------------------------------------------------------------+
; Parameter Settings for User Entity Instance: datapath:dp|register:mdr ;
+----------------+-------+----------------------------------------------+
; Parameter Name ; Value ; Type                                         ;
+----------------+-------+----------------------------------------------+
; width          ; 16    ; Signed Integer                               ;
+----------------+-------+----------------------------------------------+
Note: In order to hide this table in the UI and the text report file, please set the "Show Parameter Settings in Synthesis Report" option in "Analysis and Synthesis Settings -> More Settings" to "Off".


+-----------------------------------------------------+
; Port Connectivity Checks: "datapath:dp|mux4:mdrmux" ;
+------+-------+----------+---------------------------+
; Port ; Type  ; Severity ; Details                   ;
+------+-------+----------+---------------------------+
; d    ; Input ; Info     ; Explicitly unconnected    ;
+------+-------+----------+---------------------------+


+---------------------------------------------------------+
; Port Connectivity Checks: "datapath:dp|mux8:regfilemux" ;
+------+-------+----------+-------------------------------+
; Port ; Type  ; Severity ; Details                       ;
+------+-------+----------+-------------------------------+
; g    ; Input ; Info     ; Explicitly unconnected        ;
; h    ; Input ; Info     ; Explicitly unconnected        ;
+------+-------+----------+-------------------------------+


+------------------------------------------------------+
; Port Connectivity Checks: "datapath:dp|mux2:destmux" ;
+------+-------+----------+----------------------------+
; Port ; Type  ; Severity ; Details                    ;
+------+-------+----------+----------------------------+
; b    ; Input ; Info     ; Stuck at VCC               ;
+------+-------+----------+----------------------------+


+-------------------------------------------------------------------------------------------------------------------+
; Port Connectivity Checks: "datapath:dp|zext:trapzext"                                                             ;
+---------+--------+----------+-------------------------------------------------------------------------------------+
; Port    ; Type   ; Severity ; Details                                                                             ;
+---------+--------+----------+-------------------------------------------------------------------------------------+
; out[15] ; Output ; Info     ; Connected to dangling logic. Logic that only feeds a dangling port will be removed. ;
+---------+--------+----------+-------------------------------------------------------------------------------------+


+-------------------------------+
; Elapsed Time Per Partition    ;
+----------------+--------------+
; Partition Name ; Elapsed Time ;
+----------------+--------------+
; Top            ; 00:00:02     ;
+----------------+--------------+


+-------------------------------+
; Analysis & Synthesis Messages ;
+-------------------------------+
Info: *******************************************************************
Info: Running Quartus II 32-bit Analysis & Synthesis
    Info: Version 13.1.4 Build 182 03/12/2014 SJ Full Version
    Info: Processing started: Fri Feb  3 18:11:21 2017
Info: Command: quartus_map --read_settings_files=on --write_settings_files=off mp1 -c mp1
Info (11104): Parallel Compilation has detected 8 hyper-threaded processors. However, the extra hyper-threaded processors will not be used by default. Parallel Compilation will use 4 of the 4 physical processors detected instead.
Info (12021): Found 1 design units, including 0 entities, in source file lc3b_types.sv
    Info (12022): Found design unit 1: lc3b_types (SystemVerilog)
Info (12021): Found 1 design units, including 1 entities, in source file adj.sv
    Info (12023): Found entity 1: adj
Info (12021): Found 1 design units, including 1 entities, in source file alu.sv
    Info (12023): Found entity 1: alu
Info (12021): Found 1 design units, including 1 entities, in source file control.sv
    Info (12023): Found entity 1: control
Info (12021): Found 1 design units, including 1 entities, in source file datapath.sv
    Info (12023): Found entity 1: datapath
Info (12021): Found 1 design units, including 1 entities, in source file gencc.sv
    Info (12023): Found entity 1: gencc
Info (12021): Found 1 design units, including 1 entities, in source file ir.sv
    Info (12023): Found entity 1: ir
Info (12021): Found 1 design units, including 1 entities, in source file mp1.sv
    Info (12023): Found entity 1: mp1
Info (12021): Found 1 design units, including 1 entities, in source file plus2.sv
    Info (12023): Found entity 1: plus2
Info (12021): Found 1 design units, including 1 entities, in source file regfile.sv
    Info (12023): Found entity 1: regfile
Info (12021): Found 1 design units, including 1 entities, in source file register.sv
    Info (12023): Found entity 1: register
Info (12021): Found 1 design units, including 1 entities, in source file mux2.sv
    Info (12023): Found entity 1: mux2
Info (12021): Found 1 design units, including 1 entities, in source file br_add.sv
    Info (12023): Found entity 1: br_add
Info (12021): Found 1 design units, including 1 entities, in source file cccomp.sv
    Info (12023): Found entity 1: cccomp
Info (12021): Found 1 design units, including 1 entities, in source file memory.sv
    Info (12023): Found entity 1: memory
Info (12021): Found 1 design units, including 1 entities, in source file mux4.sv
    Info (12023): Found entity 1: mux4
Info (12021): Found 1 design units, including 1 entities, in source file sext.sv
    Info (12023): Found entity 1: sext
Info (12021): Found 1 design units, including 1 entities, in source file zext.sv
    Info (12023): Found entity 1: zext
Info (12021): Found 1 design units, including 1 entities, in source file mux8.sv
    Info (12023): Found entity 1: mux8
Info (12021): Found 1 design units, including 1 entities, in source file shf.sv
    Info (12023): Found entity 1: shf
Info (12021): Found 1 design units, including 1 entities, in source file lshf.sv
    Info (12023): Found entity 1: lshf
Info (12021): Found 1 design units, including 1 entities, in source file rshfl.sv
    Info (12023): Found entity 1: rshfl
Info (12021): Found 1 design units, including 1 entities, in source file rshfa.sv
    Info (12023): Found entity 1: rshfa
Info (12021): Found 1 design units, including 1 entities, in source file clonelowbyte.sv
    Info (12023): Found entity 1: clonelowbyte
Info (12127): Elaborating entity "mp1" for the top level hierarchy
Info (12128): Elaborating entity "datapath" for hierarchy "datapath:dp"
Info (12128): Elaborating entity "plus2" for hierarchy "datapath:dp|plus2:pc_plus2"
Info (12128): Elaborating entity "mux4" for hierarchy "datapath:dp|mux4:pcmux"
Info (12128): Elaborating entity "register" for hierarchy "datapath:dp|register:pc"
Info (12128): Elaborating entity "adj" for hierarchy "datapath:dp|adj:adj9"
Info (12128): Elaborating entity "adj" for hierarchy "datapath:dp|adj:adj11"
Info (12128): Elaborating entity "mux2" for hierarchy "datapath:dp|mux2:pcaddermux"
Info (12128): Elaborating entity "br_add" for hierarchy "datapath:dp|br_add:pc_adder"
Info (12128): Elaborating entity "ir" for hierarchy "datapath:dp|ir:ir0"
Info (12128): Elaborating entity "sext" for hierarchy "datapath:dp|sext:sext5"
Info (12128): Elaborating entity "sext" for hierarchy "datapath:dp|sext:sext6"
Info (12128): Elaborating entity "zext" for hierarchy "datapath:dp|zext:trapzext"
Info (12128): Elaborating entity "adj" for hierarchy "datapath:dp|adj:trapadj"
Info (12128): Elaborating entity "mux2" for hierarchy "datapath:dp|mux2:storemux"
Info (12128): Elaborating entity "adj" for hierarchy "datapath:dp|adj:adj6"
Info (12128): Elaborating entity "mux2" for hierarchy "datapath:dp|mux2:ldbmux"
Info (12128): Elaborating entity "shf" for hierarchy "datapath:dp|shf:shf0"
Info (12128): Elaborating entity "rshfl" for hierarchy "datapath:dp|shf:shf0|rshfl:rshfl0"
Info (12128): Elaborating entity "rshfa" for hierarchy "datapath:dp|shf:shf0|rshfa:rshfa0"
Info (12128): Elaborating entity "lshf" for hierarchy "datapath:dp|shf:shf0|lshf:lshf0"
Info (12128): Elaborating entity "clonelowbyte" for hierarchy "datapath:dp|clonelowbyte:clb0"
Info (12128): Elaborating entity "mux8" for hierarchy "datapath:dp|mux8:regfilemux"
Info (12128): Elaborating entity "regfile" for hierarchy "datapath:dp|regfile:regfile0"
Info (12128): Elaborating entity "alu" for hierarchy "datapath:dp|alu:alu0"
Info (12128): Elaborating entity "gencc" for hierarchy "datapath:dp|gencc:gencc0"
Info (12128): Elaborating entity "register" for hierarchy "datapath:dp|register:cc"
Info (12128): Elaborating entity "cccomp" for hierarchy "datapath:dp|cccomp:cccomp1"
Info (10264): Verilog HDL Case Statement information at cccomp.sv(13): all case item expressions in this case statement are onehot
Info (12128): Elaborating entity "control" for hierarchy "control:ctrl"
Info (276014): Found 1 instances of uninferred RAM logic
    Info (276006): RAM logic "datapath:dp|regfile:regfile0|data" is uninferred due to "logic" being set as ramstyle synthesis attribute
Info (286030): Timing-Driven Synthesis is running
Info (17049): 32 registers lost all their fanouts during netlist optimizations.
Info (16010): Generating hard_block partition "hard_block:auto_generated_inst"
    Info (16011): Adding 0 node(s), including 0 DDIO, 0 PLL, 0 transceiver and 0 LCELL
Info (21057): Implemented 665 device resources after synthesis - the final resource count might be different
    Info (21058): Implemented 18 input pins
    Info (21059): Implemented 36 output pins
    Info (21061): Implemented 611 logic cells
Info: Quartus II 32-bit Analysis & Synthesis was successful. 0 errors, 0 warnings
    Info: Peak virtual memory: 444 megabytes
    Info: Processing ended: Fri Feb  3 18:11:28 2017
    Info: Elapsed time: 00:00:07
    Info: Total CPU time (on all processors): 00:00:03


